C51 COMPILER V9.60.0.0   FIRE_HELP                                                         01/19/2021 12:01:59 PAGE 1   


C51 COMPILER V9.60.0.0, COMPILATION OF MODULE FIRE_HELP
OBJECT MODULE PLACED IN .\Objects\fire-help.obj
COMPILER INVOKED BY: C:\Keil_v5\C51\BIN\C51.EXE fire-help.c OPTIMIZE(8,SPEED) BROWSE DEBUG OBJECTEXTEND PRINT(.\Listings
                    -\fire-help.lst) TABS(2) OBJECT(.\Objects\fire-help.obj)

line level    source

   1          #include <stdio.h>
   2          #include <reg51.h>
   3          
   4          char xdata CommW _at_ 0xe803;
   5          char xdata portB _at_ 0xe801;
   6          char xdata portC _at_ 0xe802;
   7          char port[20] = {0x8e,0xf9,0xde,0x86,0xff,0xff,0xff,0xff,0x89,0x86,0xc7,0x8c},i;
   8          void delay(){
   9   1          long u;
  10   1          for(u=0;u<8000;u++);
  11   1      }
  12          void main(){
  13   1          int d,b,j,m;
  14   1          unsigned char k;
  15   1          CommW = 0x80;
  16   1          do{
  17   2              i=0;
  18   2              for(d=0;d<3;d++){
  19   3                  for(b=0;b<4;b++){
  20   4                      k = port[i++];
  21   4                      for(j=0;j<8;j++){
  22   5                          m=k;
  23   5                          k=k&0x80;
  24   5                          if(k==00)
  25   5                              portB=0x00;
  26   5                          else
  27   5                              portB=0x01;
  28   5                          portC = 0x01;
  29   5                          portC = 0x00;
  30   5                          k=m;
  31   5                          k<<=1;
  32   5                      }
  33   4                  }
  34   3                  delay();
  35   3              }
  36   2          }while(1);
  37   1      }


MODULE INFORMATION:   STATIC OVERLAYABLE
   CODE SIZE        =    168    ----
   CONSTANT SIZE    =   ----    ----
   XDATA SIZE       =   ----    ----
   PDATA SIZE       =   ----    ----
   DATA SIZE        =     21       8
   IDATA SIZE       =   ----    ----
   BIT SIZE         =   ----    ----
END OF MODULE INFORMATION.


C51 COMPILATION COMPLETE.  0 WARNING(S),  0 ERROR(S)
